==> git clone obs-studio 30.2.3
Cloning into 'D:\a\gfys\gfys\third_party\obs-studio'...
warning: refs/tags/30.2.3 c45ba7415e65201d269132f112072d83c23fa88b is not a commit!
Note: switching to '144599fbff18e348652ccadfc3ca08794a03d970'.

You are in 'detached HEAD' state. You can look around, make experimental
changes and commit them, and you can discard any commits you make in this
state without impacting any branches by switching back to a branch.

If you want to create a new branch to retain commits you create, you may
do so (now or later) by using -c with the switch command. Example:

  git switch -c <new-branch-name>

Or undo this operation with:

  git switch -

Turn off this advice by setting config variable advice.detachedHead to false

==> submodule init
Submodule 'plugins/win-dshow/libdshowcapture' (https://github.com/obsproject/libdshowcapture.git) registered for path 'plugins/win-dshow/libdshowcapture'
Cloning into 'D:/a/gfys/gfys/third_party/obs-studio/plugins/win-dshow/libdshowcapture'...
From https://github.com/obsproject/libdshowcapture
 * branch            ef8c1d2e19c93e664100dd41e1a0df4f8ad45430 -> FETCH_HEAD
Submodule path 'plugins/win-dshow/libdshowcapture': checked out 'ef8c1d2e19c93e664100dd41e1a0df4f8ad45430'
Submodule 'external/capture-device-support' (https://github.com/elgatosf/capture-device-support) registered for path 'plugins/win-dshow/libdshowcapture/external/capture-device-support'
Cloning into 'D:/a/gfys/gfys/third_party/obs-studio/plugins/win-dshow/libdshowcapture/external/capture-device-support'...
From https://github.com/elgatosf/capture-device-support
 * branch            81c94fb13dfddb412fcb17f1ba031917ec24be64 -> FETCH_HEAD
Submodule path 'plugins/win-dshow/libdshowcapture/external/capture-device-support': checked out '81c94fb13dfddb412fcb17f1ba031917ec24be64'
Submodule 'plugins/obs-outputs/ftl-sdk' (https://github.com/Mixer/ftl-sdk.git) registered for path 'plugins/obs-outputs/ftl-sdk'
Cloning into 'D:/a/gfys/gfys/third_party/obs-studio/plugins/obs-outputs/ftl-sdk'...
Submodule path 'plugins/obs-outputs/ftl-sdk': checked out 'd0c8469f66806b5ea738d607f7d2b000af8b1129'
Submodule 'plugins/obs-browser' (https://github.com/obsproject/obs-browser.git) registered for path 'plugins/obs-browser'
Cloning into 'D:/a/gfys/gfys/third_party/obs-studio/plugins/obs-browser'...
From https://github.com/obsproject/obs-browser
 * branch            c710222ec9d7ef9aa5d7099e9019d636e2c89f00 -> FETCH_HEAD
Submodule path 'plugins/obs-browser': checked out 'c710222ec9d7ef9aa5d7099e9019d636e2c89f00'
Submodule 'plugins/obs-websocket' (https://github.com/obsproject/obs-websocket.git) registered for path 'plugins/obs-websocket'
Cloning into 'D:/a/gfys/gfys/third_party/obs-studio/plugins/obs-websocket'...
From https://github.com/obsproject/obs-websocket
 * branch            0548c7798a323fe5296c150e13b898a5ee62fc1e -> FETCH_HEAD
Submodule path 'plugins/obs-websocket': checked out '0548c7798a323fe5296c150e13b898a5ee62fc1e'
==> patched defaults.cmake (skip Win32 sub-configure)
==> patched win-capture (skip game-capture helpers)
==> patched CompilerConfig.cmake (disable /WX)
==> cmake configure
==> cmake build libobs + plugins
MSBuild version 17.14.60+43b635718 for .NET Framework

  1>Checking Build System
  Building Custom Rule D:/a/gfys/gfys/third_party/obs-studio/libobs/CMakeLists.txt
  obsversion.c
  libobs-version.vcxproj -> D:\a\gfys\gfys\third_party\obs-studio\build_x64\libobs\libobs-version.dir\Release\libobs-version.lib
  Building Custom Rule D:/a/gfys/gfys/third_party/obs-studio/deps/w32-pthreads/CMakeLists.txt
  Building Custom Rule D:/a/gfys/gfys/third_party/obs-studio/deps/libcaption/CMakeLists.txt
  caption.c
  cea708.c
  eia608.c
  eia608_charmap.c
  pthread.c
  eia608_from_utf8.c
  mpeg.c
  scc.c
  srt.c
  utf8.c
  xds.c
  caption.vcxproj -> D:\a\gfys\gfys\third_party\obs-studio\build_x64\deps\libcaption\Release\caption.lib
     Creating library D:/a/gfys/gfys/third_party/obs-studio/build_x64/deps/w32-pthreads/Release/w32-pthreads.lib and object D:/a/gfys/gfys/third_party/obs-studio/build_x64/deps/w32-pthreads/Release/w32-pthreads.exp
  Generating code
  Finished generating code
  w32-pthreads.vcxproj -> D:\a\gfys\gfys\third_party\obs-studio\build_x64\deps\w32-pthreads\Release\w32-pthreads.dll
  Copy w32-pthreads to destination
  Building Custom Rule D:/a/gfys/gfys/third_party/obs-studio/libobs/CMakeLists.txt
  obs-hevc.c
  obs-audio-controls.c
  obs-audio.c
  obs-av1.c
  obs-avc.c
  obs-data.c
  obs-display.c
  obs-encoder.c
  obs-hotkey-name-map.c
  obs-hotkey.c
  obs-missing-files.c
  obs-module.c
  obs-nal.c
  obs-output-delay.c
  obs-output.c
  obs-properties.c
  obs-scene.c
  obs-service.c
  obs-source-deinterlace.c
  obs-source-transition.c
  obs-source.c
  obs-video-gpu-encode.c
  obs-video.c
  obs-view.c
  obs.c
  array-serializer.c
  base.c
  bitstream.c
  bmem.c
  buffered-file-serializer.c
  cf-lexer.c
  cf-parser.c
  config-file.c
  crc32.c
  dstr.c
  file-serializer.c
  lexer.c
  pipe.c
  platform.c
  profiler.c
  task.c
  text-lookup.c
  utf8.c
  calldata.c
  decl.c
  proc.c
  signal.c
  audio-io.c
  audio-resampler-ffmpeg.c
  format-conversion.c
  media-remux.c
  video-fourcc.c
  video-frame.c
  video-io.c
  video-matrices.c
  video-scaler-ffmpeg.c
  axisang.c
  bounds.c
  effect-parser.c
  effect.c
  graphics-ffmpeg.c
  graphics-imports.c
  graphics.c
  image-file.c
  libnsgif.c
  math-extra.c
  matrix3.c
  matrix4.c
  plane.c
  quat.c
  shader-parser.c
  texture-render.c
  vec2.c
  vec3.c
  vec4.c
  wasapi-enum-devices.c
  wasapi-monitoring-available.c
  wasapi-output.c
  obs-windows.c
  pipe-windows.c
  platform-windows.c
  threading-windows.c
  device-enum.c
  obfuscate.c
  window-helpers.c
  obs-win-crash-handler.c
     Creating library D:/a/gfys/gfys/third_party/obs-studio/build_x64/libobs/Release/obs.lib and object D:/a/gfys/gfys/third_party/obs-studio/build_x64/libobs/Release/obs.exp
  Generating code
  Finished generating code
  libobs.vcxproj -> D:\a\gfys\gfys\third_party\obs-studio\build_x64\libobs\Release\obs.dll
  Copy libobs to destination
  Copy libobs resources to data directory
MSBuild version 17.14.60+43b635718 for .NET Framework

  libobs-version.vcxproj -> D:\a\gfys\gfys\third_party\obs-studio\build_x64\libobs\libobs-version.dir\Release\libobs-version.lib
  w32-pthreads.vcxproj -> D:\a\gfys\gfys\third_party\obs-studio\build_x64\deps\w32-pthreads\Release\w32-pthreads.dll
  Copy w32-pthreads to destination
  caption.vcxproj -> D:\a\gfys\gfys\third_party\obs-studio\build_x64\deps\libcaption\Release\caption.lib
  libobs.vcxproj -> D:\a\gfys\gfys\third_party\obs-studio\build_x64\libobs\Release\obs.dll
  Copy libobs to destination
  Copy libobs resources to data directory
  Building Custom Rule D:/a/gfys/gfys/third_party/obs-studio/deps/opts-parser/CMakeLists.txt
  opts-parser.c
  opts-parser.vcxproj -> D:\a\gfys\gfys\third_party\obs-studio\build_x64\deps\opts-parser\opts-parser.dir\Release\opts-parser.lib
  Building Custom Rule D:/a/gfys/gfys/third_party/obs-studio/plugins/obs-x264/CMakeLists.txt
  obs-x264.c
  obs-x264-plugin-main.c
     Creating library D:/a/gfys/gfys/third_party/obs-studio/build_x64/plugins/obs-x264/Release/obs-x264.lib and object D:/a/gfys/gfys/third_party/obs-studio/build_x64/plugins/obs-x264/Release/obs-x264.exp
  Generating code
  Finished generating code
  obs-x264.vcxproj -> D:\a\gfys\gfys\third_party\obs-studio\build_x64\plugins\obs-x264\Release\obs-x264.dll
  Copy obs-x264 to destination
  Copy obs-x264 resources to data directory
MSBuild version 17.14.60+43b635718 for .NET Framework

  libobs-version.vcxproj -> D:\a\gfys\gfys\third_party\obs-studio\build_x64\libobs\libobs-version.dir\Release\libobs-version.lib
  w32-pthreads.vcxproj -> D:\a\gfys\gfys\third_party\obs-studio\build_x64\deps\w32-pthreads\Release\w32-pthreads.dll
  Copy w32-pthreads to destination
  caption.vcxproj -> D:\a\gfys\gfys\third_party\obs-studio\build_x64\deps\libcaption\Release\caption.lib
  libobs.vcxproj -> D:\a\gfys\gfys\third_party\obs-studio\build_x64\libobs\Release\obs.dll
  Copy libobs to destination
  Copy libobs resources to data directory
  opts-parser.vcxproj -> D:\a\gfys\gfys\third_party\obs-studio\build_x64\deps\opts-parser\opts-parser.dir\Release\opts-parser.lib
  Building Custom Rule D:/a/gfys/gfys/third_party/obs-studio/plugins/obs-ffmpeg/CMakeLists.txt
  obs-ffmpeg-mpegts.c
  obs-ffmpeg-audio-encoders.c
  obs-ffmpeg-av1.c
  obs-ffmpeg-hls-mux.c
  obs-ffmpeg-mux.c
  obs-ffmpeg-nvenc.c
  obs-ffmpeg-output.c
  obs-ffmpeg-source.c
  obs-ffmpeg-video-encoders.c
  obs-ffmpeg.c
  cache.c
  decode.c
  media-playback.c
  media.c
  obs-nvenc-helpers.c
  obs-nvenc.c
  texture-amf.cpp
     Creating library D:/a/gfys/gfys/third_party/obs-studio/build_x64/plugins/obs-ffmpeg/Release/obs-ffmpeg.lib and object D:/a/gfys/gfys/third_party/obs-studio/build_x64/plugins/obs-ffmpeg/Release/obs-ffmpeg.exp
  Generating code
  Finished generating code
  obs-ffmpeg.vcxproj -> D:\a\gfys\gfys\third_party\obs-studio\build_x64\plugins\obs-ffmpeg\Release\obs-ffmpeg.dll
  Copy obs-ffmpeg to destination
  Copy obs-ffmpeg resources to data directory
MSBuild version 17.14.60+43b635718 for .NET Framework

  Building Custom Rule D:/a/gfys/gfys/third_party/obs-studio/plugins/obs-outputs/CMakeLists.txt
  socket.c
  threads.c
  ftl-sdk.c
  ftl_helpers.c
  gettimeofday.c
  handshake.c
  hmac.c
  sha2.c
  ingest.c
  logging.c
  media.c
D:\a\gfys\gfys\third_party\obs-studio\plugins\obs-outputs\ftl-sdk\libftl\handshake.c(153,23): warning C5286: implicit conversion from enum type 'ftl_status_t' to enum type 'ftl_response_code_t'; use an explicit cast to silence this warning [D:\a\gfys\gfys\third_party\obs-studio\build_x64\plugins\obs-outputs\ftl-sdk.vcxproj]
D:\a\gfys\gfys\third_party\obs-studio\plugins\obs-outputs\ftl-sdk\libftl\handshake.c(231,25): warning C5286: implicit conversion from enum type 'ftl_status_t' to enum type 'ftl_response_code_t'; use an explicit cast to silence this warning [D:\a\gfys\gfys\third_party\obs-studio\build_x64\plugins\obs-outputs\ftl-sdk.vcxproj]
D:\a\gfys\gfys\third_party\obs-studio\plugins\obs-outputs\ftl-sdk\libftl\handshake.c(236,25): warning C5286: implicit conversion from enum type 'ftl_status_t' to enum type 'ftl_response_code_t'; use an explicit cast to silence this warning [D:\a\gfys\gfys\third_party\obs-studio\build_x64\plugins\obs-outputs\ftl-sdk.vcxproj]
D:\a\gfys\gfys\third_party\obs-studio\plugins\obs-outputs\ftl-sdk\libftl\handshake.c(243,23): warning C5286: implicit conversion from enum type 'ftl_status_t' to enum type 'ftl_response_code_t'; use an explicit cast to silence this warning [D:\a\gfys\gfys\third_party\obs-studio\build_x64\plugins\obs-outputs\ftl-sdk.vcxproj]
D:\a\gfys\gfys\third_party\obs-studio\plugins\obs-outputs\ftl-sdk\libftl\handshake.c(250,23): warning C5286: implicit conversion from enum type 'ftl_status_t' to enum type 'ftl_response_code_t'; use an explicit cast to silence this warning [D:\a\gfys\gfys\third_party\obs-studio\build_x64\plugins\obs-outputs\ftl-sdk.vcxproj]
  w32-pthreads.vcxproj -> D:\a\gfys\gfys\third_party\obs-studio\build_x64\deps\w32-pthreads\Release\w32-pthreads.dll
  libobs-version.vcxproj -> D:\a\gfys\gfys\third_party\obs-studio\build_x64\libobs\libobs-version.dir\Release\libobs-version.lib
  Copy w32-pthreads to destination
  ftl-sdk.vcxproj -> D:\a\gfys\gfys\third_party\obs-studio\build_x64\plugins\obs-outputs\ftl-sdk.dir\Release\ftl-sdk.lib
  caption.vcxproj -> D:\a\gfys\gfys\third_party\obs-studio\build_x64\deps\libcaption\Release\caption.lib
  libobs.vcxproj -> D:\a\gfys\gfys\third_party\obs-studio\build_x64\libobs\Release\obs.dll
  Copy libobs to destination
  Copy libobs resources to data directory
  opts-parser.vcxproj -> D:\a\gfys\gfys\third_party\obs-studio\build_x64\deps\opts-parser\opts-parser.dir\Release\opts-parser.lib
  Building Custom Rule D:/a/gfys/gfys/third_party/obs-studio/deps/happy-eyeballs/CMakeLists.txt
  happy-eyeballs.c
  happy-eyeballs.vcxproj -> D:\a\gfys\gfys\third_party\obs-studio\build_x64\deps\happy-eyeballs\happy-eyeballs.dir\Release\happy-eyeballs.lib
  Building Custom Rule D:/a/gfys/gfys/third_party/obs-studio/plugins/obs-outputs/CMakeLists.txt
  rtmp-hevc.c
  flv-mux.c
  flv-output.c
  amf.c
  cencode.c
  hashswf.c
  log.c
  md5.c
  parseurl.c
  rtmp.c
  mp4-mux.c
D:\a\gfys\gfys\third_party\obs-studio\plugins\obs-outputs\flv-mux.c(659,37): warning C5287: operands are different enum types 'multitrack_type_t' and 'packet_type_t'; use an explicit cast to silence this warning [D:\a\gfys\gfys\third_party\obs-studio\build_x64\plugins\obs-outputs\obs-outputs.vcxproj]
  mp4-output.c
  net-if.c
  null-output.c
  obs-outputs.c
  rtmp-av1.c
  rtmp-stream.c
  rtmp-windows.c
  ftl-stream.c
     Creating library D:/a/gfys/gfys/third_party/obs-studio/build_x64/plugins/obs-outputs/Release/obs-outputs.lib and object D:/a/gfys/gfys/third_party/obs-studio/build_x64/plugins/obs-outputs/Release/obs-outputs.exp
  Generating code
  Finished generating code
  obs-outputs.vcxproj -> D:\a\gfys\gfys\third_party\obs-studio\build_x64\plugins\obs-outputs\Release\obs-outputs.dll
  Copy obs-outputs to destination
  Copy obs-outputs resources to data directory
MSBuild version 17.14.60+43b635718 for .NET Framework

  w32-pthreads.vcxproj -> D:\a\gfys\gfys\third_party\obs-studio\build_x64\deps\w32-pthreads\Release\w32-pthreads.dll
  libobs-version.vcxproj -> D:\a\gfys\gfys\third_party\obs-studio\build_x64\libobs\libobs-version.dir\Release\libobs-version.lib
  Copy w32-pthreads to destination
  caption.vcxproj -> D:\a\gfys\gfys\third_party\obs-studio\build_x64\deps\libcaption\Release\caption.lib
  libobs.vcxproj -> D:\a\gfys\gfys\third_party\obs-studio\build_x64\libobs\Release\obs.dll
  Copy libobs to destination
  Copy libobs resources to data directory
  Building Custom Rule D:/a/gfys/gfys/third_party/obs-studio/plugins/obs-transitions/CMakeLists.txt
  obs-transitions.c
  transition-cut.c
  transition-fade-to-color.c
  transition-fade.c
  transition-luma-wipe.c
  transition-slide.c
  transition-stinger.c
  transition-swipe.c
     Creating library D:/a/gfys/gfys/third_party/obs-studio/build_x64/plugins/obs-transitions/Release/obs-transitions.lib and object D:/a/gfys/gfys/third_party/obs-studio/build_x64/plugins/obs-transitions/Release/obs-transitions.exp
  Generating code
  Finished generating code
  obs-transitions.vcxproj -> D:\a\gfys\gfys\third_party\obs-studio\build_x64\plugins\obs-transitions\Release\obs-transitions.dll
  Copy obs-transitions to destination
  Copy obs-transitions resources to data directory
MSBuild version 17.14.60+43b635718 for .NET Framework

  w32-pthreads.vcxproj -> D:\a\gfys\gfys\third_party\obs-studio\build_x64\deps\w32-pthreads\Release\w32-pthreads.dll
  libobs-version.vcxproj -> D:\a\gfys\gfys\third_party\obs-studio\build_x64\libobs\libobs-version.dir\Release\libobs-version.lib
  Copy w32-pthreads to destination
  caption.vcxproj -> D:\a\gfys\gfys\third_party\obs-studio\build_x64\deps\libcaption\Release\caption.lib
  libobs.vcxproj -> D:\a\gfys\gfys\third_party\obs-studio\build_x64\libobs\Release\obs.dll
  Copy libobs to destination
  Copy libobs resources to data directory
  Building Custom Rule D:/a/gfys/gfys/third_party/obs-studio/plugins/obs-filters/CMakeLists.txt
  async-delay-filter.c
  chroma-key-filter.c
  color-correction-filter.c
  color-grade-filter.c
  color-key-filter.c
  compressor-filter.c
  crop-filter.c
  eq-filter.c
  expander-filter.c
  gain-filter.c
  gpu-delay.c
  hdr-tonemap-filter.c
  invert-audio-polarity.c
  limiter-filter.c
  luma-key-filter.c
  mask-filter.c
  noise-gate-filter.c
  obs-filters.c
  scale-filter.c
  scroll-filter.c
  sharpness-filter.c
     Creating library D:/a/gfys/gfys/third_party/obs-studio/build_x64/plugins/obs-filters/Release/obs-filters.lib and object D:/a/gfys/gfys/third_party/obs-studio/build_x64/plugins/obs-filters/Release/obs-filters.exp
  Generating code
  Finished generating code
  obs-filters.vcxproj -> D:\a\gfys\gfys\third_party\obs-studio\build_x64\plugins\obs-filters\Release\obs-filters.dll
  Copy obs-filters to destination
  Copy obs-filters resources to data directory
MSBuild version 17.14.60+43b635718 for .NET Framework

  w32-pthreads.vcxproj -> D:\a\gfys\gfys\third_party\obs-studio\build_x64\deps\w32-pthreads\Release\w32-pthreads.dll
  libobs-version.vcxproj -> D:\a\gfys\gfys\third_party\obs-studio\build_x64\libobs\libobs-version.dir\Release\libobs-version.lib
  Copy w32-pthreads to destination
  caption.vcxproj -> D:\a\gfys\gfys\third_party\obs-studio\build_x64\deps\libcaption\Release\caption.lib
  libobs.vcxproj -> D:\a\gfys\gfys\third_party\obs-studio\build_x64\libobs\Release\obs.dll
  Copy libobs to destination
  Copy libobs resources to data directory
  Building Custom Rule D:/a/gfys/gfys/third_party/obs-studio/plugins/win-dshow/CMakeLists.txt
  dshow-plugin.cpp
  win-dshow-encoder.cpp
  win-dshow.cpp
  capture-filter.cpp
  device-vendor.cpp
  device.cpp
  dshow-base.cpp
  dshow-demux.cpp
  dshow-encoded-device.cpp
  dshow-enum.cpp
  dshow-formats.cpp
  dshow-media-type.cpp
  dshowcapture.cpp
  dshowencode.cpp
  encoder.cpp
  log.cpp
  output-filter.cpp
  EGAVResult.cpp
  ElgatoUVCDevice.cpp
  EGAVHIDImplementation.cpp
  DriverInterface.cpp
  ffmpeg-decode.c
     Creating library D:/a/gfys/gfys/third_party/obs-studio/build_x64/plugins/win-dshow/Release/win-dshow.lib and object D:/a/gfys/gfys/third_party/obs-studio/build_x64/plugins/win-dshow/Release/win-dshow.exp
  Generating code
  Finished generating code
  win-dshow.vcxproj -> D:\a\gfys\gfys\third_party\obs-studio\build_x64\plugins\win-dshow\Release\win-dshow.dll
  Copy win-dshow to destination
  Copy win-dshow resources to data directory
MSBuild version 17.14.60+43b635718 for .NET Framework

  w32-pthreads.vcxproj -> D:\a\gfys\gfys\third_party\obs-studio\build_x64\deps\w32-pthreads\Release\w32-pthreads.dll
  libobs-version.vcxproj -> D:\a\gfys\gfys\third_party\obs-studio\build_x64\libobs\libobs-version.dir\Release\libobs-version.lib
  Copy w32-pthreads to destination
  caption.vcxproj -> D:\a\gfys\gfys\third_party\obs-studio\build_x64\deps\libcaption\Release\caption.lib
  libobs.vcxproj -> D:\a\gfys\gfys\third_party\obs-studio\build_x64\libobs\Release\obs.dll
  Copy libobs to destination
  Copy libobs resources to data directory
  Building Custom Rule D:/a/gfys/gfys/third_party/obs-studio/plugins/win-capture/CMakeLists.txt
  app-helpers.c
  audio-helpers.c
  compat-helpers.c
  cursor-capture.c
  dc-capture.c
  duplicator-monitor-capture.c
  game-capture-file-init.c
  game-capture.c
  load-graphics-offsets.c
  monitor-capture.c
D:\a\gfys\gfys\third_party\obs-studio\plugins\win-capture\duplicator-monitor-capture.c(857,35): warning C5287: operands are different enum types 'window_capture_method' and 'display_capture_method'; use an explicit cast to silence this warning [D:\a\gfys\gfys\third_party\obs-studio\build_x64\plugins\win-capture\win-capture.vcxproj]
D:\a\gfys\gfys\third_party\obs-studio\plugins\win-capture\duplicator-monitor-capture.c(858,34): warning C5287: operands are different enum types 'window_capture_method' and 'display_capture_method'; use an explicit cast to silence this warning [D:\a\gfys\gfys\third_party\obs-studio\build_x64\plugins\win-capture\win-capture.vcxproj]
D:\a\gfys\gfys\third_party\obs-studio\plugins\win-capture\duplicator-monitor-capture.c(856,51): warning C5286: implicit conversion from enum type 'display_capture_method' to enum type 'window_capture_method'; use an explicit cast to silence this warning [D:\a\gfys\gfys\third_party\obs-studio\build_x64\plugins\win-capture\win-capture.vcxproj]
  nt-stuff.c
  plugin-main.c
  window-capture.c
  file-updater.c
  inject-library.c
  pipe-windows.c
  obfuscate.c
     Creating library D:/a/gfys/gfys/third_party/obs-studio/build_x64/plugins/win-capture/Release/win-capture.lib and object D:/a/gfys/gfys/third_party/obs-studio/build_x64/plugins/win-capture/Release/win-capture.exp
  Generating code
  Finished generating code
  win-capture.vcxproj -> D:\a\gfys\gfys\third_party\obs-studio\build_x64\plugins\win-capture\Release\win-capture.dll
  Copy win-capture to destination
  Copy win-capture resources to data directory
MSBuild version 17.14.60+43b635718 for .NET Framework

  w32-pthreads.vcxproj -> D:\a\gfys\gfys\third_party\obs-studio\build_x64\deps\w32-pthreads\Release\w32-pthreads.dll
  libobs-version.vcxproj -> D:\a\gfys\gfys\third_party\obs-studio\build_x64\libobs\libobs-version.dir\Release\libobs-version.lib
  Copy w32-pthreads to destination
  caption.vcxproj -> D:\a\gfys\gfys\third_party\obs-studio\build_x64\deps\libcaption\Release\caption.lib
  libobs.vcxproj -> D:\a\gfys\gfys\third_party\obs-studio\build_x64\libobs\Release\obs.dll
  Copy libobs to destination
  Copy libobs resources to data directory
  Building Custom Rule D:/a/gfys/gfys/third_party/obs-studio/plugins/win-wasapi/CMakeLists.txt
  win-wasapi.cpp
  wasapi-notify.cpp
  enum-wasapi.cpp
  plugin-main.cpp
     Creating library D:/a/gfys/gfys/third_party/obs-studio/build_x64/plugins/win-wasapi/Release/win-wasapi.lib and object D:/a/gfys/gfys/third_party/obs-studio/build_x64/plugins/win-wasapi/Release/win-wasapi.exp
  Generating code
  Finished generating code
  win-wasapi.vcxproj -> D:\a\gfys\gfys\third_party\obs-studio\build_x64\plugins\win-wasapi\Release\win-wasapi.dll
  Copy win-wasapi to destination
  Copy win-wasapi resources to data directory
==> node-gyp build obs-bridge
::notice::build-native done
下载 ffmpeg（gyan.dev release essentials）…
已写入 bin/ffmpeg-win32-x64.exe
完成。当前 bin/ 内容：
total 102960
drwxr-xr-x 1 runneradmin 197121         0 Oct  1 08:58 .
drwxr-xr-x 1 runneradmin 197121         0 Oct  1 08:58 ..
-rwxr-xr-x 1 runneradmin 197121 105423872 Oct  1 08:58 ffmpeg-win32-x64.exe
drwxr-xr-x 1 runneradmin 197121         0 Oct  1 08:58 obs
drwxr-xr-x 1 runneradmin 197121         0 Oct  1 08:58 obs-bridge
  • electron-builder  version=25.1.8 os=10.0.20348
  • artifacts will be published  reason=tag is defined tag=v1.1.39
  • loaded configuration  file=D:\a\gfys\gfys\build\electron-builder.ci.yml
  • executing @electron/rebuild  electronVersion=33.4.11 arch=x64 buildFromSource=false appDir=./
  • installing native dependencies  arch=x64
  • completed installing native dependencies
  • packaging       platform=win32 arch=x64 electron=33.4.11 appOutDir=dist\win-unpacked
  • downloading     url=https://github.com/electron/electron/releases/download/v33.4.11/electron-v33.4.11-win32-x64.zip size=115 MB parts=8
  • downloaded      url=https://github.com/electron/electron/releases/download/v33.4.11/electron-v33.4.11-win32-x64.zip duration=417ms
  • updating asar integrity executable resource  executablePath=dist\win-unpacked\港丰影视直播工作台.exe
  • default Electron icon is used  reason=application icon is not set
  • downloading     url=https://github.com/electron-userland/electron-builder-binaries/releases/download/winCodeSign-2.6.0/winCodeSign-2.6.0.7z size=5.6 MB parts=1
  • downloaded      url=https://github.com/electron-userland/electron-builder-binaries/releases/download/winCodeSign-2.6.0/winCodeSign-2.6.0.7z duration=241ms
  • signing with signtool.exe  path=dist\win-unpacked\港丰影视直播工作台.exe
  • no signing info identified, signing is skipped  signHook=false cscInfo=null
  • building        target=zip arch=x64 file=dist\港丰影视直播工作台-1.1.39-win.zip
  • publishing      publisher=Github (owner: nvhai7788-gfys, project: gfys, version: 1.1.39)
  • building        target=nsis file=dist\港丰影视直播工作台 Setup 1.1.39.exe archs=x64 oneClick=false perMachine=false
  • uploading       file=tencent-live-workbench-1.1.39-win.zip provider=github
  • downloading     url=https://github.com/electron-userland/electron-builder-binaries/releases/download/nsis-3.0.4.1/nsis-3.0.4.1.7z size=1.3 MB parts=1
  • downloaded      url=https://github.com/electron-userland/electron-builder-binaries/releases/download/nsis-3.0.4.1/nsis-3.0.4.1.7z duration=133ms
  • GitHub release not created  reason=existing type not compatible with publishing type tag=v1.1.39 version=1.1.39 existingType=release publishingType=draft
  • skipped publishing  file=tencent-live-workbench-1.1.39-win.zip reason=existing type not compatible with publishing type tag=v1.1.39 version=1.1.39 existingType=release publishingType=draft
  • signing with signtool.exe  path=dist\win-unpacked\resources\elevate.exe
  • no signing info identified, signing is skipped  signHook=false cscInfo=null
  • downloading     url=https://github.com/electron-userland/electron-builder-binaries/releases/download/nsis-resources-3.4.1/nsis-resources-3.4.1.7z size=731 kB parts=1
  • downloaded      url=https://github.com/electron-userland/electron-builder-binaries/releases/download/nsis-resources-3.4.1/nsis-resources-3.4.1.7z duration=133ms
  • signing with signtool.exe  path=dist\__uninstaller-nsis-tencent-live-workbench.exe
  • no signing info identified, signing is skipped  signHook=false cscInfo=null
  • signing with signtool.exe  path=dist\港丰影视直播工作台 Setup 1.1.39.exe
  • no signing info identified, signing is skipped  signHook=false cscInfo=null
  • building block map  blockMapFile=dist\港丰影视直播工作台 Setup 1.1.39.exe.blockmap
  • uploading       file=tencent-live-workbench-setup-1.1.39.exe.blockmap provider=github
  • skipped publishing  file=tencent-live-workbench-setup-1.1.39.exe.blockmap reason=existing type not compatible with publishing type tag=v1.1.39 version=1.1.39 existingType=release publishingType=draft
  • uploading       file=tencent-live-workbench-setup-1.1.39.exe provider=github
  • skipped publishing  file=tencent-live-workbench-setup-1.1.39.exe reason=existing type not compatible with publishing type tag=v1.1.39 version=1.1.39 existingType=release publishingType=draft
  • skipped publishing  file=latest.yml reason=existing type not compatible with publishing type tag=v1.1.39 version=1.1.39 existingType=release publishingType=draft
