==> 准备 third_party/
Cloning into '/Users/runner/work/gfys/gfys/third_party/obs-studio'...
warning: refs/tags/30.2.3 c45ba7415e65201d269132f112072d83c23fa88b is not a commit!
Submodule path 'plugins/obs-outputs/ftl-sdk': checked out 'd0c8469f66806b5ea738d607f7d2b000af8b1129'
Submodule path 'plugins/obs-browser': checked out 'c710222ec9d7ef9aa5d7099e9019d636e2c89f00'
Submodule path 'plugins/obs-websocket': checked out '0548c7798a323fe5296c150e13b898a5ee62fc1e'
-- The C compiler identification is AppleClang 15.0.0.15000309
-- The CXX compiler identification is AppleClang 15.0.0.15000309
-- Detecting C compiler ABI info
-- Detecting C compiler ABI info - done
-- Check for working C compiler: /Applications/Xcode_15.4.app/Contents/Developer/Toolchains/XcodeDefault.xctoolchain/usr/bin/clang - skipped
-- Detecting C compile features
-- Detecting C compile features - done
-- Detecting CXX compiler ABI info
-- Detecting CXX compiler ABI info - done
-- Check for working CXX compiler: /Applications/Xcode_15.4.app/Contents/Developer/Toolchains/XcodeDefault.xctoolchain/usr/bin/clang++ - skipped
-- Detecting CXX compile features
-- Detecting CXX compile features - done
CMake Error at cmake/macos/compilerconfig.cmake:29 (string):
  string sub-command REGEX, mode MATCH needs at least 5 arguments total to
  command.
Call Stack (most recent call first):
  CMakeLists.txt:13 (include)


CMake Error at cmake/macos/compilerconfig.cmake:33 (message):
  Your macOS SDK version () is too low.  The macOS 14.2 SDK (Xcode 15.1) is
  required to build OBS.
Call Stack (most recent call first):
  CMakeLists.txt:13 (include)


-- Configuring incomplete, errors occurred!
